<?xml version="1.0"?>
<link_info>
   <banner>TMS320C6x Linker PC v7.4.8</banner>
   <copyright>Copyright (c) 1996-2014 Texas Instruments Incorporated</copyright>
   <link_time>0x59b6dad9</link_time>
   <output_file>ame294_lab1_nunez.out</output_file>
   <entry_point>
      <name>_c_int00</name>
      <address>0x11819f20</address>
   </entry_point>
   <input_file_list>
      <input_file id="fl-2">
         <path>.\</path>
         <kind>object</kind>
         <file>L138_LCDK_aic3106_init.obj</file>
         <name>L138_LCDK_aic3106_init.obj</name>
      </input_file>
      <input_file id="fl-3">
         <path>.\</path>
         <kind>object</kind>
         <file>stereo.obj</file>
         <name>stereo.obj</name>
      </input_file>
      <input_file id="fl-4">
         <path>.\</path>
         <kind>object</kind>
         <file>vectors_intr.obj</file>
         <name>vectors_intr.obj</name>
      </input_file>
      <input_file id="fl-8">
         <path>C:\omapl138\bsl\lib\</path>
         <kind>archive</kind>
         <file>enmomapl138_bsl.lib</file>
         <name>evmomapl138_timer.obj</name>
      </input_file>
      <input_file id="fl-9">
         <path>C:\omapl138\bsl\lib\</path>
         <kind>archive</kind>
         <file>enmomapl138_bsl.lib</file>
         <name>evmomapl138_gpio.obj</name>
      </input_file>
      <input_file id="fl-a">
         <path>C:\omapl138\bsl\lib\</path>
         <kind>archive</kind>
         <file>enmomapl138_bsl.lib</file>
         <name>evmomapl138_aic3106.obj</name>
      </input_file>
      <input_file id="fl-b">
         <path>C:\omapl138\bsl\lib\</path>
         <kind>archive</kind>
         <file>enmomapl138_bsl.lib</file>
         <name>evmomapl138.obj</name>
      </input_file>
      <input_file id="fl-c">
         <path>C:\omapl138\bsl\lib\</path>
         <kind>archive</kind>
         <file>enmomapl138_bsl.lib</file>
         <name>evmomapl138_i2c_gpio.obj</name>
      </input_file>
      <input_file id="fl-d">
         <path>C:\omapl138\bsl\lib\</path>
         <kind>archive</kind>
         <file>enmomapl138_bsl.lib</file>
         <name>evmomapl138_i2c.obj</name>
      </input_file>
      <input_file id="fl-86">
         <path>C:\ti\ccsv6\tools\compiler\c6000_7.4.8\lib\</path>
         <kind>archive</kind>
         <file>rts6740.lib</file>
         <name>addd.obj</name>
      </input_file>
      <input_file id="fl-87">
         <path>C:\ti\ccsv6\tools\compiler\c6000_7.4.8\lib\</path>
         <kind>archive</kind>
         <file>rts6740.lib</file>
         <name>boot.obj</name>
      </input_file>
      <input_file id="fl-88">
         <path>C:\ti\ccsv6\tools\compiler\c6000_7.4.8\lib\</path>
         <kind>archive</kind>
         <file>rts6740.lib</file>
         <name>cmpf.obj</name>
      </input_file>
      <input_file id="fl-89">
         <path>C:\ti\ccsv6\tools\compiler\c6000_7.4.8\lib\</path>
         <kind>archive</kind>
         <file>rts6740.lib</file>
         <name>cvtdf.obj</name>
      </input_file>
      <input_file id="fl-8a">
         <path>C:\ti\ccsv6\tools\compiler\c6000_7.4.8\lib\</path>
         <kind>archive</kind>
         <file>rts6740.lib</file>
         <name>cvtfd.obj</name>
      </input_file>
      <input_file id="fl-8b">
         <path>C:\ti\ccsv6\tools\compiler\c6000_7.4.8\lib\</path>
         <kind>archive</kind>
         <file>rts6740.lib</file>
         <name>exit.obj</name>
      </input_file>
      <input_file id="fl-8c">
         <path>C:\ti\ccsv6\tools\compiler\c6000_7.4.8\lib\</path>
         <kind>archive</kind>
         <file>rts6740.lib</file>
         <name>fixdi.obj</name>
      </input_file>
      <input_file id="fl-8d">
         <path>C:\ti\ccsv6\tools\compiler\c6000_7.4.8\lib\</path>
         <kind>archive</kind>
         <file>rts6740.lib</file>
         <name>fixfi.obj</name>
      </input_file>
      <input_file id="fl-8e">
         <path>C:\ti\ccsv6\tools\compiler\c6000_7.4.8\lib\</path>
         <kind>archive</kind>
         <file>rts6740.lib</file>
         <name>fltid.obj</name>
      </input_file>
      <input_file id="fl-8f">
         <path>C:\ti\ccsv6\tools\compiler\c6000_7.4.8\lib\</path>
         <kind>archive</kind>
         <file>rts6740.lib</file>
         <name>fltif.obj</name>
      </input_file>
      <input_file id="fl-90">
         <path>C:\ti\ccsv6\tools\compiler\c6000_7.4.8\lib\</path>
         <kind>archive</kind>
         <file>rts6740.lib</file>
         <name>memory.obj</name>
      </input_file>
      <input_file id="fl-91">
         <path>C:\ti\ccsv6\tools\compiler\c6000_7.4.8\lib\</path>
         <kind>archive</kind>
         <file>rts6740.lib</file>
         <name>mpyd.obj</name>
      </input_file>
      <input_file id="fl-92">
         <path>C:\ti\ccsv6\tools\compiler\c6000_7.4.8\lib\</path>
         <kind>archive</kind>
         <file>rts6740.lib</file>
         <name>mpyf.obj</name>
      </input_file>
      <input_file id="fl-93">
         <path>C:\ti\ccsv6\tools\compiler\c6000_7.4.8\lib\</path>
         <kind>archive</kind>
         <file>rts6740.lib</file>
         <name>printf.obj</name>
      </input_file>
      <input_file id="fl-94">
         <path>C:\ti\ccsv6\tools\compiler\c6000_7.4.8\lib\</path>
         <kind>archive</kind>
         <file>rts6740.lib</file>
         <name>subd.obj</name>
      </input_file>
      <input_file id="fl-95">
         <path>C:\ti\ccsv6\tools\compiler\c6000_7.4.8\lib\</path>
         <kind>archive</kind>
         <file>rts6740.lib</file>
         <name>_lock.obj</name>
      </input_file>
      <input_file id="fl-96">
         <path>C:\ti\ccsv6\tools\compiler\c6000_7.4.8\lib\</path>
         <kind>archive</kind>
         <file>rts6740.lib</file>
         <name>_printfi.obj</name>
      </input_file>
      <input_file id="fl-97">
         <path>C:\ti\ccsv6\tools\compiler\c6000_7.4.8\lib\</path>
         <kind>archive</kind>
         <file>rts6740.lib</file>
         <name>args_main.obj</name>
      </input_file>
      <input_file id="fl-98">
         <path>C:\ti\ccsv6\tools\compiler\c6000_7.4.8\lib\</path>
         <kind>archive</kind>
         <file>rts6740.lib</file>
         <name>atoi.obj</name>
      </input_file>
      <input_file id="fl-99">
         <path>C:\ti\ccsv6\tools\compiler\c6000_7.4.8\lib\</path>
         <kind>archive</kind>
         <file>rts6740.lib</file>
         <name>autoinit.obj</name>
      </input_file>
      <input_file id="fl-9a">
         <path>C:\ti\ccsv6\tools\compiler\c6000_7.4.8\lib\</path>
         <kind>archive</kind>
         <file>rts6740.lib</file>
         <name>cpp_init.obj</name>
      </input_file>
      <input_file id="fl-9b">
         <path>C:\ti\ccsv6\tools\compiler\c6000_7.4.8\lib\</path>
         <kind>archive</kind>
         <file>rts6740.lib</file>
         <name>cpy_tbl.obj</name>
      </input_file>
      <input_file id="fl-9c">
         <path>C:\ti\ccsv6\tools\compiler\c6000_7.4.8\lib\</path>
         <kind>archive</kind>
         <file>rts6740.lib</file>
         <name>ctype.obj</name>
      </input_file>
      <input_file id="fl-9d">
         <path>C:\ti\ccsv6\tools\compiler\c6000_7.4.8\lib\</path>
         <kind>archive</kind>
         <file>rts6740.lib</file>
         <name>defs.obj</name>
      </input_file>
      <input_file id="fl-9e">
         <path>C:\ti\ccsv6\tools\compiler\c6000_7.4.8\lib\</path>
         <kind>archive</kind>
         <file>rts6740.lib</file>
         <name>divd.obj</name>
      </input_file>
      <input_file id="fl-9f">
         <path>C:\ti\ccsv6\tools\compiler\c6000_7.4.8\lib\</path>
         <kind>archive</kind>
         <file>rts6740.lib</file>
         <name>divu.obj</name>
      </input_file>
      <input_file id="fl-a0">
         <path>C:\ti\ccsv6\tools\compiler\c6000_7.4.8\lib\</path>
         <kind>archive</kind>
         <file>rts6740.lib</file>
         <name>fixdli.obj</name>
      </input_file>
      <input_file id="fl-a1">
         <path>C:\ti\ccsv6\tools\compiler\c6000_7.4.8\lib\</path>
         <kind>archive</kind>
         <file>rts6740.lib</file>
         <name>fltlid.obj</name>
      </input_file>
      <input_file id="fl-a2">
         <path>C:\ti\ccsv6\tools\compiler\c6000_7.4.8\lib\</path>
         <kind>archive</kind>
         <file>rts6740.lib</file>
         <name>fputc.obj</name>
      </input_file>
      <input_file id="fl-a3">
         <path>C:\ti\ccsv6\tools\compiler\c6000_7.4.8\lib\</path>
         <kind>archive</kind>
         <file>rts6740.lib</file>
         <name>fputs.obj</name>
      </input_file>
      <input_file id="fl-a4">
         <path>C:\ti\ccsv6\tools\compiler\c6000_7.4.8\lib\</path>
         <kind>archive</kind>
         <file>rts6740.lib</file>
         <name>frcmpyd_div.obj</name>
      </input_file>
      <input_file id="fl-a5">
         <path>C:\ti\ccsv6\tools\compiler\c6000_7.4.8\lib\</path>
         <kind>archive</kind>
         <file>rts6740.lib</file>
         <name>imath40.obj</name>
      </input_file>
      <input_file id="fl-a6">
         <path>C:\ti\ccsv6\tools\compiler\c6000_7.4.8\lib\</path>
         <kind>archive</kind>
         <file>rts6740.lib</file>
         <name>imath64.obj</name>
      </input_file>
      <input_file id="fl-a7">
         <path>C:\ti\ccsv6\tools\compiler\c6000_7.4.8\lib\</path>
         <kind>archive</kind>
         <file>rts6740.lib</file>
         <name>isinf.obj</name>
      </input_file>
      <input_file id="fl-a8">
         <path>C:\ti\ccsv6\tools\compiler\c6000_7.4.8\lib\</path>
         <kind>archive</kind>
         <file>rts6740.lib</file>
         <name>llshift.obj</name>
      </input_file>
      <input_file id="fl-a9">
         <path>C:\ti\ccsv6\tools\compiler\c6000_7.4.8\lib\</path>
         <kind>archive</kind>
         <file>rts6740.lib</file>
         <name>lowlev.obj</name>
      </input_file>
      <input_file id="fl-aa">
         <path>C:\ti\ccsv6\tools\compiler\c6000_7.4.8\lib\</path>
         <kind>archive</kind>
         <file>rts6740.lib</file>
         <name>ltoa.obj</name>
      </input_file>
      <input_file id="fl-ab">
         <path>C:\ti\ccsv6\tools\compiler\c6000_7.4.8\lib\</path>
         <kind>archive</kind>
         <file>rts6740.lib</file>
         <name>memccpy.obj</name>
      </input_file>
      <input_file id="fl-ac">
         <path>C:\ti\ccsv6\tools\compiler\c6000_7.4.8\lib\</path>
         <kind>archive</kind>
         <file>rts6740.lib</file>
         <name>memcpy64.obj</name>
      </input_file>
      <input_file id="fl-ad">
         <path>C:\ti\ccsv6\tools\compiler\c6000_7.4.8\lib\</path>
         <kind>archive</kind>
         <file>rts6740.lib</file>
         <name>memset.obj</name>
      </input_file>
      <input_file id="fl-ae">
         <path>C:\ti\ccsv6\tools\compiler\c6000_7.4.8\lib\</path>
         <kind>archive</kind>
         <file>rts6740.lib</file>
         <name>negll.obj</name>
      </input_file>
      <input_file id="fl-af">
         <path>C:\ti\ccsv6\tools\compiler\c6000_7.4.8\lib\</path>
         <kind>archive</kind>
         <file>rts6740.lib</file>
         <name>trgdrv.obj</name>
      </input_file>
      <input_file id="fl-b0">
         <path>C:\ti\ccsv6\tools\compiler\c6000_7.4.8\lib\</path>
         <kind>archive</kind>
         <file>rts6740.lib</file>
         <name>trgmsg.obj</name>
      </input_file>
      <input_file id="fl-b1">
         <path>C:\ti\ccsv6\tools\compiler\c6000_7.4.8\lib\</path>
         <kind>archive</kind>
         <file>rts6740.lib</file>
         <name>_io_perm.obj</name>
      </input_file>
      <input_file id="fl-b2">
         <path>C:\ti\ccsv6\tools\compiler\c6000_7.4.8\lib\</path>
         <kind>archive</kind>
         <file>rts6740.lib</file>
         <name>abs.obj</name>
      </input_file>
      <input_file id="fl-b3">
         <path>C:\ti\ccsv6\tools\compiler\c6000_7.4.8\lib\</path>
         <kind>archive</kind>
         <file>rts6740.lib</file>
         <name>fflush.obj</name>
      </input_file>
      <input_file id="fl-b4">
         <path>C:\ti\ccsv6\tools\compiler\c6000_7.4.8\lib\</path>
         <kind>archive</kind>
         <file>rts6740.lib</file>
         <name>fseek.obj</name>
      </input_file>
      <input_file id="fl-b5">
         <path>C:\ti\ccsv6\tools\compiler\c6000_7.4.8\lib\</path>
         <kind>archive</kind>
         <file>rts6740.lib</file>
         <name>setvbuf.obj</name>
      </input_file>
      <input_file id="fl-b6">
         <path>C:\ti\ccsv6\tools\compiler\c6000_7.4.8\lib\</path>
         <kind>archive</kind>
         <file>rts6740.lib</file>
         <name>fopen.obj</name>
      </input_file>
      <input_file id="fl-b7">
         <path>C:\ti\ccsv6\tools\compiler\c6000_7.4.8\lib\</path>
         <kind>archive</kind>
         <file>rts6740.lib</file>
         <name>fclose.obj</name>
      </input_file>
      <input_file id="fl-b8">
         <path>C:\ti\ccsv6\tools\compiler\c6000_7.4.8\lib\</path>
         <kind>archive</kind>
         <file>rts6740.lib</file>
         <name>remove.obj</name>
      </input_file>
   </input_file_list>
   <object_component_list>
      <object_component id="oc-e9">
         <name>.text</name>
         <load_address>0x11810000</load_address>
         <run_address>0x11810000</run_address>
         <size>0x2360</size>
         <input_file_ref idref="fl-2"/>
      </object_component>
      <object_component id="oc-106">
         <name>.text</name>
         <load_address>0x11812360</load_address>
         <run_address>0x11812360</run_address>
         <size>0xc20</size>
         <input_file_ref idref="fl-b"/>
      </object_component>
      <object_component id="oc-1a">
         <name>.text:retain</name>
         <load_address>0x11812f80</load_address>
         <run_address>0x11812f80</run_address>
         <size>0x700</size>
         <input_file_ref idref="fl-3"/>
      </object_component>
      <object_component id="oc-134">
         <name>.text:__divd</name>
         <load_address>0x11813680</load_address>
         <run_address>0x11813680</run_address>
         <size>0x5a0</size>
         <input_file_ref idref="fl-9e"/>
      </object_component>
      <object_component id="oc-129">
         <name>.text:__getarg_diouxp</name>
         <load_address>0x11813c20</load_address>
         <run_address>0x11813c20</run_address>
         <size>0x580</size>
         <input_file_ref idref="fl-96"/>
      </object_component>
      <object_component id="oc-116">
         <name>.text:__setfield</name>
         <load_address>0x118141a0</load_address>
         <run_address>0x118141a0</run_address>
         <size>0x520</size>
         <input_file_ref idref="fl-96"/>
      </object_component>
      <object_component id="oc-10f">
         <name>.text</name>
         <load_address>0x118146c0</load_address>
         <run_address>0x118146c0</run_address>
         <size>0x4e0</size>
         <input_file_ref idref="fl-c"/>
      </object_component>
      <object_component id="oc-111">
         <name>.text:__printfi</name>
         <load_address>0x11814ba0</load_address>
         <run_address>0x11814ba0</run_address>
         <size>0x440</size>
         <input_file_ref idref="fl-96"/>
      </object_component>
      <object_component id="oc-113">
         <name>.text:_fputs</name>
         <load_address>0x11814fe0</load_address>
         <run_address>0x11814fe0</run_address>
         <size>0x3a0</size>
         <input_file_ref idref="fl-a3"/>
      </object_component>
      <object_component id="oc-103">
         <name>.text</name>
         <load_address>0x11815380</load_address>
         <run_address>0x11815380</run_address>
         <size>0x380</size>
         <input_file_ref idref="fl-9"/>
      </object_component>
      <object_component id="oc-109">
         <name>.text</name>
         <load_address>0x11815700</load_address>
         <run_address>0x11815700</run_address>
         <size>0x380</size>
         <input_file_ref idref="fl-d"/>
      </object_component>
      <object_component id="oc-11e">
         <name>.text:__pproc_fge</name>
         <load_address>0x11815a80</load_address>
         <run_address>0x11815a80</run_address>
         <size>0x320</size>
         <input_file_ref idref="fl-96"/>
      </object_component>
      <object_component id="oc-115">
         <name>.text:__pproc_fwp</name>
         <load_address>0x11815da0</load_address>
         <run_address>0x11815da0</run_address>
         <size>0x2c0</size>
         <input_file_ref idref="fl-96"/>
      </object_component>
      <object_component id="oc-12f">
         <name>.text:_ecvt</name>
         <load_address>0x11816060</load_address>
         <run_address>0x11816060</run_address>
         <size>0x2a0</size>
         <input_file_ref idref="fl-96"/>
      </object_component>
      <object_component id="oc-132">
         <name>.text:_fcvt</name>
         <load_address>0x11816300</load_address>
         <run_address>0x11816300</run_address>
         <size>0x2a0</size>
         <input_file_ref idref="fl-96"/>
      </object_component>
      <object_component id="oc-12d">
         <name>.text:_free</name>
         <load_address>0x118165a0</load_address>
         <run_address>0x118165a0</run_address>
         <size>0x280</size>
         <input_file_ref idref="fl-90"/>
      </object_component>
      <object_component id="oc-13e">
         <name>.text:__divull</name>
         <load_address>0x11816820</load_address>
         <run_address>0x11816820</run_address>
         <size>0x260</size>
         <input_file_ref idref="fl-a6"/>
      </object_component>
      <object_component id="oc-128">
         <name>.text:__pconv_e</name>
         <load_address>0x11816a80</load_address>
         <run_address>0x11816a80</run_address>
         <size>0x260</size>
         <input_file_ref idref="fl-96"/>
      </object_component>
      <object_component id="oc-11f">
         <name>.text:__pproc_diouxp</name>
         <load_address>0x11816ce0</load_address>
         <run_address>0x11816ce0</run_address>
         <size>0x240</size>
         <input_file_ref idref="fl-96"/>
      </object_component>
      <object_component id="oc-117">
         <name>.text:__pproc_str</name>
         <load_address>0x11816f20</load_address>
         <run_address>0x11816f20</run_address>
         <size>0x220</size>
         <input_file_ref idref="fl-96"/>
      </object_component>
      <object_component id="oc-118">
         <name>.text:_fputc</name>
         <load_address>0x11817140</load_address>
         <run_address>0x11817140</run_address>
         <size>0x220</size>
         <input_file_ref idref="fl-a2"/>
      </object_component>
      <object_component id="oc-126">
         <name>.text:__pconv_g</name>
         <load_address>0x11817360</load_address>
         <run_address>0x11817360</run_address>
         <size>0x200</size>
         <input_file_ref idref="fl-96"/>
      </object_component>
      <object_component id="oc-122">
         <name>.text:_setvbuf</name>
         <load_address>0x11817560</load_address>
         <run_address>0x11817560</run_address>
         <size>0x200</size>
         <input_file_ref idref="fl-b5"/>
      </object_component>
      <object_component id="oc-105">
         <name>.text</name>
         <load_address>0x11817760</load_address>
         <run_address>0x11817760</run_address>
         <size>0x1e0</size>
         <input_file_ref idref="fl-8"/>
      </object_component>
      <object_component id="oc-131">
         <name>.text:__mcpy</name>
         <load_address>0x11817940</load_address>
         <run_address>0x11817940</run_address>
         <size>0x1c0</size>
         <input_file_ref idref="fl-96"/>
      </object_component>
      <object_component id="oc-13d">
         <name>.text:__divul</name>
         <load_address>0x11817b00</load_address>
         <run_address>0x11817b00</run_address>
         <size>0x1a0</size>
         <input_file_ref idref="fl-a5"/>
      </object_component>
      <object_component id="oc-102">
         <name>.text</name>
         <load_address>0x11817ca0</load_address>
         <run_address>0x11817ca0</run_address>
         <size>0x1a0</size>
         <input_file_ref idref="fl-a"/>
      </object_component>
      <object_component id="oc-fc">
         <name>.text:_HOSTrename</name>
         <load_address>0x11817e40</load_address>
         <run_address>0x11817e40</run_address>
         <size>0x180</size>
         <input_file_ref idref="fl-af"/>
      </object_component>
      <object_component id="oc-104">
         <name>.text:_malloc</name>
         <load_address>0x11817fc0</load_address>
         <run_address>0x11817fc0</run_address>
         <size>0x180</size>
         <input_file_ref idref="fl-90"/>
      </object_component>
      <object_component id="oc-114">
         <name>.text:__pproc_fflags</name>
         <load_address>0x11818140</load_address>
         <run_address>0x11818140</run_address>
         <size>0x140</size>
         <input_file_ref idref="fl-96"/>
      </object_component>
      <object_component id="oc-146">
         <name>.text:_getdevice</name>
         <load_address>0x11818280</load_address>
         <run_address>0x11818280</run_address>
         <size>0x140</size>
         <input_file_ref idref="fl-a9"/>
      </object_component>
      <object_component id="oc-136">
         <name>.text:__closefile</name>
         <load_address>0x118183c0</load_address>
         <run_address>0x118183c0</run_address>
         <size>0x120</size>
         <input_file_ref idref="fl-b7"/>
      </object_component>
      <object_component id="oc-12b">
         <name>.text:__ltostr</name>
         <load_address>0x118184e0</load_address>
         <run_address>0x118184e0</run_address>
         <size>0x120</size>
         <input_file_ref idref="fl-96"/>
      </object_component>
      <object_component id="oc-121">
         <name>.text:_fseek</name>
         <load_address>0x11818600</load_address>
         <run_address>0x11818600</run_address>
         <size>0x120</size>
         <input_file_ref idref="fl-b4"/>
      </object_component>
      <object_component id="oc-fa">
         <name>.text:_HOSTlseek</name>
         <load_address>0x11818720</load_address>
         <run_address>0x11818720</run_address>
         <size>0x100</size>
         <input_file_ref idref="fl-af"/>
      </object_component>
      <object_component id="oc-119">
         <name>.text:__wrt_ok</name>
         <load_address>0x11818820</load_address>
         <run_address>0x11818820</run_address>
         <size>0x100</size>
         <input_file_ref idref="fl-b1"/>
      </object_component>
      <object_component id="oc-f6">
         <name>.text:_HOSTopen</name>
         <load_address>0x11818920</load_address>
         <run_address>0x11818920</run_address>
         <size>0xe0</size>
         <input_file_ref idref="fl-af"/>
      </object_component>
      <object_component id="oc-f8">
         <name>.text:_HOSTread</name>
         <load_address>0x11818a00</load_address>
         <run_address>0x11818a00</run_address>
         <size>0xe0</size>
         <input_file_ref idref="fl-af"/>
      </object_component>
      <object_component id="oc-11d">
         <name>.text:_atoi</name>
         <load_address>0x11818ae0</load_address>
         <run_address>0x11818ae0</run_address>
         <size>0xe0</size>
         <input_file_ref idref="fl-98"/>
      </object_component>
      <object_component id="oc-13f">
         <name>.text:_close</name>
         <load_address>0x11818bc0</load_address>
         <run_address>0x11818bc0</run_address>
         <size>0xe0</size>
         <input_file_ref idref="fl-a9"/>
      </object_component>
      <object_component id="oc-11c">
         <name>.text:_memset</name>
         <load_address>0x11818ca0</load_address>
         <run_address>0x11818ca0</run_address>
         <size>0xe0</size>
         <input_file_ref idref="fl-ad"/>
      </object_component>
      <object_component id="oc-10e">
         <name>.text:_printf</name>
         <load_address>0x11818d80</load_address>
         <run_address>0x11818d80</run_address>
         <size>0xe0</size>
         <input_file_ref idref="fl-93"/>
      </object_component>
      <object_component id="oc-fb">
         <name>.text:_HOSTunlink</name>
         <load_address>0x11818e60</load_address>
         <run_address>0x11818e60</run_address>
         <size>0xc0</size>
         <input_file_ref idref="fl-af"/>
      </object_component>
      <object_component id="oc-f9">
         <name>.text:_HOSTwrite</name>
         <load_address>0x11818f20</load_address>
         <run_address>0x11818f20</run_address>
         <size>0xc0</size>
         <input_file_ref idref="fl-af"/>
      </object_component>
      <object_component id="oc-e6">
         <name>.text:__auto_init</name>
         <load_address>0x11818fe0</load_address>
         <run_address>0x11818fe0</run_address>
         <size>0xc0</size>
         <input_file_ref idref="fl-99"/>
      </object_component>
      <object_component id="oc-135">
         <name>.text:__div</name>
         <load_address>0x118190a0</load_address>
         <run_address>0x118190a0</run_address>
         <size>0xc0</size>
         <input_file_ref idref="fl-96"/>
      </object_component>
      <object_component id="oc-13c">
         <name>.text:__divu</name>
         <load_address>0x11819160</load_address>
         <run_address>0x11819160</run_address>
         <size>0xc0</size>
         <input_file_ref idref="fl-9f"/>
      </object_component>
      <object_component id="oc-11a">
         <name>.text:__doflush</name>
         <load_address>0x11819220</load_address>
         <run_address>0x11819220</run_address>
         <size>0xc0</size>
         <input_file_ref idref="fl-b3"/>
      </object_component>
      <object_component id="oc-e8">
         <name>.text:_exit</name>
         <load_address>0x118192e0</load_address>
         <run_address>0x118192e0</run_address>
         <size>0xc0</size>
         <input_file_ref idref="fl-8b"/>
      </object_component>
      <object_component id="oc-138">
         <name>.text:_ltoa</name>
         <load_address>0x118193a0</load_address>
         <run_address>0x118193a0</run_address>
         <size>0xc0</size>
         <input_file_ref idref="fl-aa"/>
      </object_component>
      <object_component id="oc-f7">
         <name>.text:_HOSTclose</name>
         <load_address>0x11819460</load_address>
         <run_address>0x11819460</run_address>
         <size>0xa0</size>
         <input_file_ref idref="fl-af"/>
      </object_component>
      <object_component id="oc-12e">
         <name>.text:__cleanup</name>
         <load_address>0x11819500</load_address>
         <run_address>0x11819500</run_address>
         <size>0xa0</size>
         <input_file_ref idref="fl-b6"/>
      </object_component>
      <object_component id="oc-142">
         <name>.text:__divli</name>
         <load_address>0x118195a0</load_address>
         <run_address>0x118195a0</run_address>
         <size>0xa0</size>
         <input_file_ref idref="fl-a5"/>
      </object_component>
      <object_component id="oc-130">
         <name>.text:__ecpy</name>
         <load_address>0x11819640</load_address>
         <run_address>0x11819640</run_address>
         <size>0xa0</size>
         <input_file_ref idref="fl-96"/>
      </object_component>
      <object_component id="oc-133">
         <name>.text:__fcpy</name>
         <load_address>0x118196e0</load_address>
         <run_address>0x118196e0</run_address>
         <size>0xa0</size>
         <input_file_ref idref="fl-96"/>
      </object_component>
      <object_component id="oc-137">
         <name>.text:__fixdli</name>
         <load_address>0x11819780</load_address>
         <run_address>0x11819780</run_address>
         <size>0xa0</size>
         <input_file_ref idref="fl-a0"/>
      </object_component>
      <object_component id="oc-127">
         <name>.text:__pconv_f</name>
         <load_address>0x11819820</load_address>
         <run_address>0x11819820</run_address>
         <size>0xa0</size>
         <input_file_ref idref="fl-96"/>
      </object_component>
      <object_component id="oc-fd">
         <name>.text:_copy_in</name>
         <load_address>0x118198c0</load_address>
         <run_address>0x118198c0</run_address>
         <size>0xa0</size>
         <input_file_ref idref="fl-9b"/>
      </object_component>
      <object_component id="oc-147">
         <name>.text:_finddevice</name>
         <load_address>0x11819960</load_address>
         <run_address>0x11819960</run_address>
         <size>0xa0</size>
         <input_file_ref idref="fl-a9"/>
      </object_component>
      <object_component id="oc-12c">
         <name>.text:_lseek</name>
         <load_address>0x11819a00</load_address>
         <run_address>0x11819a00</run_address>
         <size>0xa0</size>
         <input_file_ref idref="fl-a9"/>
      </object_component>
      <object_component id="oc-fe">
         <name>.text:_memcpy</name>
         <load_address>0x11819aa0</load_address>
         <run_address>0x11819aa0</run_address>
         <size>0xa0</size>
         <input_file_ref idref="fl-ac"/>
      </object_component>
      <object_component id="oc-10d">
         <name>.text:_minsert</name>
         <load_address>0x11819b40</load_address>
         <run_address>0x11819b40</run_address>
         <size>0xa0</size>
         <input_file_ref idref="fl-90"/>
      </object_component>
      <object_component id="oc-10c">
         <name>.text:_mremove</name>
         <load_address>0x11819be0</load_address>
         <run_address>0x11819be0</run_address>
         <size>0xa0</size>
         <input_file_ref idref="fl-90"/>
      </object_component>
      <object_component id="oc-11b">
         <name>.text:_write</name>
         <load_address>0x11819c80</load_address>
         <run_address>0x11819c80</run_address>
         <size>0xa0</size>
         <input_file_ref idref="fl-a9"/>
      </object_component>
      <object_component id="oc-f2">
         <name>.text:__fixdi</name>
         <load_address>0x11819d20</load_address>
         <run_address>0x11819d20</run_address>
         <size>0x80</size>
         <input_file_ref idref="fl-8c"/>
      </object_component>
      <object_component id="oc-f4">
         <name>.text:__fixfi</name>
         <load_address>0x11819da0</load_address>
         <run_address>0x11819da0</run_address>
         <size>0x80</size>
         <input_file_ref idref="fl-8d"/>
      </object_component>
      <object_component id="oc-139">
         <name>.text:__fltlid</name>
         <load_address>0x11819e20</load_address>
         <run_address>0x11819e20</run_address>
         <size>0x80</size>
         <input_file_ref idref="fl-a1"/>
      </object_component>
      <object_component id="oc-143">
         <name>.text:__llshl</name>
         <load_address>0x11819ea0</load_address>
         <run_address>0x11819ea0</run_address>
         <size>0x80</size>
         <input_file_ref idref="fl-a8"/>
      </object_component>
      <object_component id="oc-e">
         <name>.text:_c_int00</name>
         <load_address>0x11819f20</load_address>
         <run_address>0x11819f20</run_address>
         <size>0x80</size>
         <input_file_ref idref="fl-87"/>
      </object_component>
      <object_component id="oc-108">
         <name>.text:_readmsg</name>
         <load_address>0x11819fa0</load_address>
         <run_address>0x11819fa0</run_address>
         <size>0x80</size>
         <input_file_ref idref="fl-b0"/>
      </object_component>
      <object_component id="oc-145">
         <name>.text:_unlink</name>
         <load_address>0x1181a020</load_address>
         <run_address>0x1181a020</run_address>
         <size>0x80</size>
         <input_file_ref idref="fl-a9"/>
      </object_component>
      <object_component id="oc-ff">
         <name>.text:___TI_cpp_init</name>
         <load_address>0x1181a0a0</load_address>
         <run_address>0x1181a0a0</run_address>
         <size>0x60</size>
         <input_file_ref idref="fl-9a"/>
      </object_component>
      <object_component id="oc-eb">
         <name>.text:__fltid</name>
         <load_address>0x1181a100</load_address>
         <run_address>0x1181a100</run_address>
         <size>0x60</size>
         <input_file_ref idref="fl-8e"/>
      </object_component>
      <object_component id="oc-f3">
         <name>.text:__fltif</name>
         <load_address>0x1181a160</load_address>
         <run_address>0x1181a160</run_address>
         <size>0x60</size>
         <input_file_ref idref="fl-8f"/>
      </object_component>
      <object_component id="oc-144">
         <name>.text:__subcull</name>
         <load_address>0x1181a1c0</load_address>
         <run_address>0x1181a1c0</run_address>
         <size>0x60</size>
         <input_file_ref idref="fl-a6"/>
      </object_component>
      <object_component id="oc-120">
         <name>.text:_memccpy</name>
         <load_address>0x1181a220</load_address>
         <run_address>0x1181a220</run_address>
         <size>0x60</size>
         <input_file_ref idref="fl-ab"/>
      </object_component>
      <object_component id="oc-107">
         <name>.text:_writemsg</name>
         <load_address>0x1181a280</load_address>
         <run_address>0x1181a280</run_address>
         <size>0x60</size>
         <input_file_ref idref="fl-b0"/>
      </object_component>
      <object_component id="oc-125">
         <name>.text:___isinf</name>
         <load_address>0x1181a2e0</load_address>
         <run_address>0x1181a2e0</run_address>
         <size>0x40</size>
         <input_file_ref idref="fl-a7"/>
      </object_component>
      <object_component id="oc-124">
         <name>.text:___isnan</name>
         <load_address>0x1181a320</load_address>
         <run_address>0x1181a320</run_address>
         <size>0x40</size>
         <input_file_ref idref="fl-96"/>
      </object_component>
      <object_component id="oc-e7">
         <name>.text:__args_main</name>
         <load_address>0x1181a360</load_address>
         <run_address>0x1181a360</run_address>
         <size>0x40</size>
         <input_file_ref idref="fl-97"/>
      </object_component>
      <object_component id="oc-13b">
         <name>.text:__frcmpyd_div</name>
         <load_address>0x1181a3a0</load_address>
         <run_address>0x1181a3a0</run_address>
         <size>0x40</size>
         <input_file_ref idref="fl-a4"/>
      </object_component>
      <object_component id="oc-13a">
         <name>.text:__llshru</name>
         <load_address>0x1181a3e0</load_address>
         <run_address>0x1181a3e0</run_address>
         <size>0x40</size>
         <input_file_ref idref="fl-a8"/>
      </object_component>
      <object_component id="oc-141">
         <name>.text:__remli</name>
         <load_address>0x1181a420</load_address>
         <run_address>0x1181a420</run_address>
         <size>0x40</size>
         <input_file_ref idref="fl-a5"/>
      </object_component>
      <object_component id="oc-100">
         <name>.text</name>
         <load_address>0x1181a460</load_address>
         <run_address>0x1181a460</run_address>
         <size>0x40</size>
         <input_file_ref idref="fl-3"/>
      </object_component>
      <object_component id="oc-f1">
         <name>.text:__addd</name>
         <load_address>0x1181a4a0</load_address>
         <run_address>0x1181a4a0</run_address>
         <size>0x20</size>
         <input_file_ref idref="fl-86"/>
      </object_component>
      <object_component id="oc-ea">
         <name>.text:__cmpf</name>
         <load_address>0x1181a4c0</load_address>
         <run_address>0x1181a4c0</run_address>
         <size>0x20</size>
         <input_file_ref idref="fl-88"/>
      </object_component>
      <object_component id="oc-ef">
         <name>.text:__cvtdf</name>
         <load_address>0x1181a4e0</load_address>
         <run_address>0x1181a4e0</run_address>
         <size>0x20</size>
         <input_file_ref idref="fl-89"/>
      </object_component>
      <object_component id="oc-ec">
         <name>.text:__cvtfd</name>
         <load_address>0x1181a500</load_address>
         <run_address>0x1181a500</run_address>
         <size>0x20</size>
         <input_file_ref idref="fl-8a"/>
      </object_component>
      <object_component id="oc-ed">
         <name>.text:__mpyd</name>
         <load_address>0x1181a520</load_address>
         <run_address>0x1181a520</run_address>
         <size>0x20</size>
         <input_file_ref idref="fl-91"/>
      </object_component>
      <object_component id="oc-f0">
         <name>.text:__mpyf</name>
         <load_address>0x1181a540</load_address>
         <run_address>0x1181a540</run_address>
         <size>0x20</size>
         <input_file_ref idref="fl-92"/>
      </object_component>
      <object_component id="oc-12a">
         <name>.text:__negll</name>
         <load_address>0x1181a560</load_address>
         <run_address>0x1181a560</run_address>
         <size>0x20</size>
         <input_file_ref idref="fl-ae"/>
      </object_component>
      <object_component id="oc-f5">
         <name>.text:__nop</name>
         <load_address>0x1181a580</load_address>
         <run_address>0x1181a580</run_address>
         <size>0x20</size>
         <input_file_ref idref="fl-95"/>
      </object_component>
      <object_component id="oc-112">
         <name>.text:__outc</name>
         <load_address>0x1181a5a0</load_address>
         <run_address>0x1181a5a0</run_address>
         <size>0x20</size>
         <input_file_ref idref="fl-93"/>
      </object_component>
      <object_component id="oc-110">
         <name>.text:__outs</name>
         <load_address>0x1181a5c0</load_address>
         <run_address>0x1181a5c0</run_address>
         <size>0x20</size>
         <input_file_ref idref="fl-93"/>
      </object_component>
      <object_component id="oc-ee">
         <name>.text:__subd</name>
         <load_address>0x1181a5e0</load_address>
         <run_address>0x1181a5e0</run_address>
         <size>0x20</size>
         <input_file_ref idref="fl-94"/>
      </object_component>
      <object_component id="oc-101">
         <name>.text:_abort</name>
         <load_address>0x1181a600</load_address>
         <run_address>0x1181a600</run_address>
         <size>0x20</size>
         <input_file_ref idref="fl-8b"/>
      </object_component>
      <object_component id="oc-140">
         <name>.text:_remove</name>
         <load_address>0x1181a620</load_address>
         <run_address>0x1181a620</run_address>
         <size>0x20</size>
         <input_file_ref idref="fl-b8"/>
      </object_component>
      <object_component id="oc-1e">
         <name>.text</name>
         <load_address>0x1181a640</load_address>
         <run_address>0x1181a640</run_address>
         <size>0x20</size>
         <input_file_ref idref="fl-4"/>
      </object_component>
      <object_component id="oc-123">
         <name>.const:.string:__ctypes_</name>
         <load_address>0x1181b548</load_address>
         <run_address>0x1181b548</run_address>
         <size>0x101</size>
         <input_file_ref idref="fl-9c"/>
      </object_component>
      <object_component id="oc-9e">
         <name>.const:.string</name>
         <load_address>0x1181b649</load_address>
         <run_address>0x1181b649</run_address>
         <size>0x2</size>
         <input_file_ref idref="fl-a3"/>
      </object_component>
      <object_component id="oc-10b">
         <name>.const:_bitval_u32</name>
         <load_address>0x1181b650</load_address>
         <run_address>0x1181b650</run_address>
         <size>0x80</size>
         <input_file_ref idref="fl-b"/>
      </object_component>
      <object_component id="oc-30">
         <name>.const:.string</name>
         <load_address>0x1181b6d0</load_address>
         <run_address>0x1181b6d0</run_address>
         <size>0x40</size>
         <input_file_ref idref="fl-b"/>
      </object_component>
      <object_component id="oc-76">
         <name>.const:.string</name>
         <load_address>0x1181b710</load_address>
         <run_address>0x1181b710</run_address>
         <size>0x23</size>
         <input_file_ref idref="fl-96"/>
      </object_component>
      <object_component id="oc-f">
         <name>.bss</name>
         <uninitialized>true</uninitialized>
         <run_address>0x1181b758</run_address>
         <size>0x1c</size>
         <input_file_ref idref="fl-2"/>
      </object_component>
      <object_component id="oc-16">
         <name>.bss</name>
         <uninitialized>true</uninitialized>
         <run_address>0x1181b738</run_address>
         <size>0x20</size>
         <input_file_ref idref="fl-3"/>
      </object_component>
      <object_component id="oc-38">
         <name>.bss</name>
         <uninitialized>true</uninitialized>
         <run_address>0x1181b774</run_address>
         <size>0x4</size>
         <input_file_ref idref="fl-d"/>
      </object_component>
      <object_component id="oc-12">
         <name>.far</name>
         <uninitialized>true</uninitialized>
         <run_address>0x1181b2fc</run_address>
         <size>0x8</size>
         <input_file_ref idref="fl-2"/>
      </object_component>
      <object_component id="oc-19">
         <name>.far</name>
         <uninitialized>true</uninitialized>
         <run_address>0x1181b2a8</run_address>
         <size>0x48</size>
         <input_file_ref idref="fl-3"/>
      </object_component>
      <object_component id="oc-4f">
         <name>.far</name>
         <uninitialized>true</uninitialized>
         <run_address>0x1181b2f0</run_address>
         <size>0xc</size>
         <input_file_ref idref="fl-8b"/>
      </object_component>
      <object_component id="oc-60">
         <name>.far</name>
         <uninitialized>true</uninitialized>
         <run_address>0x1181b30c</run_address>
         <size>0x8</size>
         <input_file_ref idref="fl-90"/>
      </object_component>
      <object_component id="oc-72">
         <name>.far</name>
         <uninitialized>true</uninitialized>
         <run_address>0x1181b304</run_address>
         <size>0x8</size>
         <input_file_ref idref="fl-95"/>
      </object_component>
      <object_component id="oc-8c">
         <name>.far</name>
         <uninitialized>true</uninitialized>
         <run_address>0x1181ae60</run_address>
         <size>0x324</size>
         <input_file_ref idref="fl-9d"/>
      </object_component>
      <object_component id="oc-b2">
         <name>.far</name>
         <uninitialized>true</uninitialized>
         <run_address>0x1181b188</run_address>
         <size>0x11c</size>
         <input_file_ref idref="fl-a9"/>
      </object_component>
      <object_component id="oc-c5">
         <name>.far</name>
         <uninitialized>true</uninitialized>
         <run_address>0x1181b318</run_address>
         <size>0x8</size>
         <input_file_ref idref="fl-af"/>
      </object_component>
      <object_component id="oc-dd">
         <name>.far</name>
         <uninitialized>true</uninitialized>
         <run_address>0x1181b184</run_address>
         <size>0x4</size>
         <input_file_ref idref="fl-b6"/>
      </object_component>
      <object_component id="oc-10a">
         <name>.switch:_getRegisterBankAndBit</name>
         <load_address>0x1181b778</load_address>
         <run_address>0x1181b778</run_address>
         <size>0x24</size>
         <input_file_ref idref="fl-9"/>
      </object_component>
      <object_component id="oc-41">
         <name>.stack</name>
         <uninitialized>true</uninitialized>
         <run_address>0x1181a660</run_address>
         <size>0x8</size>
         <input_file_ref idref="fl-87"/>
      </object_component>
      <object_component id="oc-15d">
         <name>.stack</name>
         <uninitialized>true</uninitialized>
         <run_address>0x1181a660</run_address>
         <size>0x0</size>
      </object_component>
      <object_component id="oc-18">
         <name>.cinit</name>
         <load_address>0x1181b320</load_address>
         <run_address>0x1181b320</run_address>
         <size>0x9c</size>
         <input_file_ref idref="fl-3"/>
      </object_component>
      <object_component id="oc-8b">
         <name>.cinit</name>
         <load_address>0x1181b3c0</load_address>
         <run_address>0x1181b3c0</run_address>
         <size>0x5c</size>
         <input_file_ref idref="fl-9d"/>
      </object_component>
      <object_component id="oc-b1">
         <name>.cinit</name>
         <load_address>0x1181b420</load_address>
         <run_address>0x1181b420</run_address>
         <size>0x5c</size>
         <input_file_ref idref="fl-a9"/>
      </object_component>
      <object_component id="oc-11">
         <name>.cinit</name>
         <load_address>0x1181b480</load_address>
         <run_address>0x1181b480</run_address>
         <size>0x2c</size>
         <input_file_ref idref="fl-2"/>
      </object_component>
      <object_component id="oc-4e">
         <name>.cinit</name>
         <load_address>0x1181b4b0</load_address>
         <run_address>0x1181b4b0</run_address>
         <size>0x2c</size>
         <input_file_ref idref="fl-8b"/>
      </object_component>
      <object_component id="oc-5f">
         <name>.cinit</name>
         <load_address>0x1181b4e0</load_address>
         <run_address>0x1181b4e0</run_address>
         <size>0x2c</size>
         <input_file_ref idref="fl-90"/>
      </object_component>
      <object_component id="oc-71">
         <name>.cinit</name>
         <load_address>0x1181b510</load_address>
         <run_address>0x1181b510</run_address>
         <size>0x1c</size>
         <input_file_ref idref="fl-95"/>
      </object_component>
      <object_component id="oc-dc">
         <name>.cinit</name>
         <load_address>0x1181b530</load_address>
         <run_address>0x1181b530</run_address>
         <size>0xc</size>
         <input_file_ref idref="fl-b6"/>
      </object_component>
      <object_component id="oc-61">
         <name>.sysmem</name>
         <uninitialized>true</uninitialized>
         <run_address>0x11800000</run_address>
         <size>0x8</size>
         <input_file_ref idref="fl-90"/>
      </object_component>
      <object_component id="oc-15e">
         <name>.sysmem</name>
         <uninitialized>true</uninitialized>
         <run_address>0x11800000</run_address>
         <size>0x0</size>
      </object_component>
      <object_component id="oc-c9">
         <name>.cio</name>
         <uninitialized>true</uninitialized>
         <run_address>0x1181ba00</run_address>
         <size>0x120</size>
         <input_file_ref idref="fl-b0"/>
      </object_component>
      <object_component id="oc-1f">
         <name>.vecs</name>
         <load_address>0x1181b800</load_address>
         <run_address>0x1181b800</run_address>
         <size>0x200</size>
         <input_file_ref idref="fl-4"/>
      </object_component>
      <object_component id="oc-10">
         <name>.debug_info</name>
         <load_address>0x0</load_address>
         <run_address>0x0</run_address>
         <size>0x3ddd</size>
         <input_file_ref idref="fl-2"/>
      </object_component>
      <object_component id="oc-17">
         <name>.debug_info</name>
         <load_address>0x3ddd</load_address>
         <run_address>0x3ddd</run_address>
         <size>0xbab</size>
         <input_file_ref idref="fl-3"/>
      </object_component>
      <object_component id="oc-20">
         <name>.debug_info</name>
         <load_address>0x4988</load_address>
         <run_address>0x4988</run_address>
         <size>0xeb</size>
         <input_file_ref idref="fl-4"/>
      </object_component>
      <object_component id="oc-23">
         <name>.debug_info</name>
         <load_address>0x4a73</load_address>
         <run_address>0x4a73</run_address>
         <size>0xb66</size>
         <input_file_ref idref="fl-8"/>
      </object_component>
      <object_component id="oc-27">
         <name>.debug_info</name>
         <load_address>0x55d9</load_address>
         <run_address>0x55d9</run_address>
         <size>0x103b</size>
         <input_file_ref idref="fl-9"/>
      </object_component>
      <object_component id="oc-2b">
         <name>.debug_info</name>
         <load_address>0x6614</load_address>
         <run_address>0x6614</run_address>
         <size>0xf0d</size>
         <input_file_ref idref="fl-a"/>
      </object_component>
      <object_component id="oc-2f">
         <name>.debug_info</name>
         <load_address>0x7521</load_address>
         <run_address>0x7521</run_address>
         <size>0x27ab</size>
         <input_file_ref idref="fl-b"/>
      </object_component>
      <object_component id="oc-34">
         <name>.debug_info</name>
         <load_address>0x9ccc</load_address>
         <run_address>0x9ccc</run_address>
         <size>0xf63</size>
         <input_file_ref idref="fl-c"/>
      </object_component>
      <object_component id="oc-39">
         <name>.debug_info</name>
         <load_address>0xac2f</load_address>
         <run_address>0xac2f</run_address>
         <size>0x1400</size>
         <input_file_ref idref="fl-d"/>
      </object_component>
      <object_component id="oc-3d">
         <name>.debug_info</name>
         <load_address>0xc02f</load_address>
         <run_address>0xc02f</run_address>
         <size>0x61e</size>
         <input_file_ref idref="fl-86"/>
      </object_component>
      <object_component id="oc-40">
         <name>.debug_info</name>
         <load_address>0xc64d</load_address>
         <run_address>0xc64d</run_address>
         <size>0x6f2</size>
         <input_file_ref idref="fl-87"/>
      </object_component>
      <object_component id="oc-44">
         <name>.debug_info</name>
         <load_address>0xcd3f</load_address>
         <run_address>0xcd3f</run_address>
         <size>0x61e</size>
         <input_file_ref idref="fl-88"/>
      </object_component>
      <object_component id="oc-47">
         <name>.debug_info</name>
         <load_address>0xd35d</load_address>
         <run_address>0xd35d</run_address>
         <size>0x609</size>
         <input_file_ref idref="fl-89"/>
      </object_component>
      <object_component id="oc-4a">
         <name>.debug_info</name>
         <load_address>0xd966</load_address>
         <run_address>0xd966</run_address>
         <size>0x609</size>
         <input_file_ref idref="fl-8a"/>
      </object_component>
      <object_component id="oc-4d">
         <name>.debug_info</name>
         <load_address>0xdf6f</load_address>
         <run_address>0xdf6f</run_address>
         <size>0x7bf</size>
         <input_file_ref idref="fl-8b"/>
      </object_component>
      <object_component id="oc-52">
         <name>.debug_info</name>
         <load_address>0xe72e</load_address>
         <run_address>0xe72e</run_address>
         <size>0x67b</size>
         <input_file_ref idref="fl-8c"/>
      </object_component>
      <object_component id="oc-55">
         <name>.debug_info</name>
         <load_address>0xeda9</load_address>
         <run_address>0xeda9</run_address>
         <size>0x633</size>
         <input_file_ref idref="fl-8d"/>
      </object_component>
      <object_component id="oc-58">
         <name>.debug_info</name>
         <load_address>0xf3dc</load_address>
         <run_address>0xf3dc</run_address>
         <size>0x68e</size>
         <input_file_ref idref="fl-8e"/>
      </object_component>
      <object_component id="oc-5b">
         <name>.debug_info</name>
         <load_address>0xfa6a</load_address>
         <run_address>0xfa6a</run_address>
         <size>0x646</size>
         <input_file_ref idref="fl-8f"/>
      </object_component>
      <object_component id="oc-5e">
         <name>.debug_info</name>
         <load_address>0x100b0</load_address>
         <run_address>0x100b0</run_address>
         <size>0xabf</size>
         <input_file_ref idref="fl-90"/>
      </object_component>
      <object_component id="oc-64">
         <name>.debug_info</name>
         <load_address>0x10b6f</load_address>
         <run_address>0x10b6f</run_address>
         <size>0x61e</size>
         <input_file_ref idref="fl-91"/>
      </object_component>
      <object_component id="oc-67">
         <name>.debug_info</name>
         <load_address>0x1118d</load_address>
         <run_address>0x1118d</run_address>
         <size>0x61e</size>
         <input_file_ref idref="fl-92"/>
      </object_component>
      <object_component id="oc-6a">
         <name>.debug_info</name>
         <load_address>0x117ab</load_address>
         <run_address>0x117ab</run_address>
         <size>0x8e9</size>
         <input_file_ref idref="fl-93"/>
      </object_component>
      <object_component id="oc-6d">
         <name>.debug_info</name>
         <load_address>0x12094</load_address>
         <run_address>0x12094</run_address>
         <size>0x61e</size>
         <input_file_ref idref="fl-94"/>
      </object_component>
      <object_component id="oc-70">
         <name>.debug_info</name>
         <load_address>0x126b2</load_address>
         <run_address>0x126b2</run_address>
         <size>0x633</size>
         <input_file_ref idref="fl-95"/>
      </object_component>
      <object_component id="oc-75">
         <name>.debug_info</name>
         <load_address>0x12ce5</load_address>
         <run_address>0x12ce5</run_address>
         <size>0x2683</size>
         <input_file_ref idref="fl-96"/>
      </object_component>
      <object_component id="oc-79">
         <name>.debug_info</name>
         <load_address>0x15368</load_address>
         <run_address>0x15368</run_address>
         <size>0x6c8</size>
         <input_file_ref idref="fl-97"/>
      </object_component>
      <object_component id="oc-7c">
         <name>.debug_info</name>
         <load_address>0x15a30</load_address>
         <run_address>0x15a30</run_address>
         <size>0x6d5</size>
         <input_file_ref idref="fl-98"/>
      </object_component>
      <object_component id="oc-7f">
         <name>.debug_info</name>
         <load_address>0x16105</load_address>
         <run_address>0x16105</run_address>
         <size>0x83e</size>
         <input_file_ref idref="fl-99"/>
      </object_component>
      <object_component id="oc-82">
         <name>.debug_info</name>
         <load_address>0x16943</load_address>
         <run_address>0x16943</run_address>
         <size>0x6b6</size>
         <input_file_ref idref="fl-9a"/>
      </object_component>
      <object_component id="oc-85">
         <name>.debug_info</name>
         <load_address>0x16ff9</load_address>
         <run_address>0x16ff9</run_address>
         <size>0x7ac</size>
         <input_file_ref idref="fl-9b"/>
      </object_component>
      <object_component id="oc-88">
         <name>.debug_info</name>
         <load_address>0x177a5</load_address>
         <run_address>0x177a5</run_address>
         <size>0x5e1</size>
         <input_file_ref idref="fl-9c"/>
      </object_component>
      <object_component id="oc-8a">
         <name>.debug_info</name>
         <load_address>0x17d86</load_address>
         <run_address>0x17d86</run_address>
         <size>0x6ce</size>
         <input_file_ref idref="fl-9d"/>
      </object_component>
      <object_component id="oc-8e">
         <name>.debug_info</name>
         <load_address>0x18454</load_address>
         <run_address>0x18454</run_address>
         <size>0x96a</size>
         <input_file_ref idref="fl-9e"/>
      </object_component>
      <object_component id="oc-91">
         <name>.debug_info</name>
         <load_address>0x18dbe</load_address>
         <run_address>0x18dbe</run_address>
         <size>0xbd</size>
         <input_file_ref idref="fl-9f"/>
      </object_component>
      <object_component id="oc-94">
         <name>.debug_info</name>
         <load_address>0x18e7b</load_address>
         <run_address>0x18e7b</run_address>
         <size>0x678</size>
         <input_file_ref idref="fl-a0"/>
      </object_component>
      <object_component id="oc-97">
         <name>.debug_info</name>
         <load_address>0x194f3</load_address>
         <run_address>0x194f3</run_address>
         <size>0x697</size>
         <input_file_ref idref="fl-a1"/>
      </object_component>
      <object_component id="oc-9a">
         <name>.debug_info</name>
         <load_address>0x19b8a</load_address>
         <run_address>0x19b8a</run_address>
         <size>0x811</size>
         <input_file_ref idref="fl-a2"/>
      </object_component>
      <object_component id="oc-9d">
         <name>.debug_info</name>
         <load_address>0x1a39b</load_address>
         <run_address>0x1a39b</run_address>
         <size>0xa9d</size>
         <input_file_ref idref="fl-a3"/>
      </object_component>
      <object_component id="oc-a1">
         <name>.debug_info</name>
         <load_address>0x1ae38</load_address>
         <run_address>0x1ae38</run_address>
         <size>0x653</size>
         <input_file_ref idref="fl-a4"/>
      </object_component>
      <object_component id="oc-a4">
         <name>.debug_info</name>
         <load_address>0x1b48b</load_address>
         <run_address>0x1b48b</run_address>
         <size>0x78a</size>
         <input_file_ref idref="fl-a5"/>
      </object_component>
      <object_component id="oc-a7">
         <name>.debug_info</name>
         <load_address>0x1bc15</load_address>
         <run_address>0x1bc15</run_address>
         <size>0x785</size>
         <input_file_ref idref="fl-a6"/>
      </object_component>
      <object_component id="oc-aa">
         <name>.debug_info</name>
         <load_address>0x1c39a</load_address>
         <run_address>0x1c39a</run_address>
         <size>0x7fd</size>
         <input_file_ref idref="fl-a7"/>
      </object_component>
      <object_component id="oc-ad">
         <name>.debug_info</name>
         <load_address>0x1cb97</load_address>
         <run_address>0x1cb97</run_address>
         <size>0x6e8</size>
         <input_file_ref idref="fl-a8"/>
      </object_component>
      <object_component id="oc-b0">
         <name>.debug_info</name>
         <load_address>0x1d27f</load_address>
         <run_address>0x1d27f</run_address>
         <size>0xe70</size>
         <input_file_ref idref="fl-a9"/>
      </object_component>
      <object_component id="oc-b5">
         <name>.debug_info</name>
         <load_address>0x1e0ef</load_address>
         <run_address>0x1e0ef</run_address>
         <size>0x716</size>
         <input_file_ref idref="fl-aa"/>
      </object_component>
      <object_component id="oc-b8">
         <name>.debug_info</name>
         <load_address>0x1e805</load_address>
         <run_address>0x1e805</run_address>
         <size>0x6b9</size>
         <input_file_ref idref="fl-ab"/>
      </object_component>
      <object_component id="oc-bb">
         <name>.debug_info</name>
         <load_address>0x1eebe</load_address>
         <run_address>0x1eebe</run_address>
         <size>0xcc</size>
         <input_file_ref idref="fl-ac"/>
      </object_component>
      <object_component id="oc-be">
         <name>.debug_info</name>
         <load_address>0x1ef8a</load_address>
         <run_address>0x1ef8a</run_address>
         <size>0x79d</size>
         <input_file_ref idref="fl-ad"/>
      </object_component>
      <object_component id="oc-c1">
         <name>.debug_info</name>
         <load_address>0x1f727</load_address>
         <run_address>0x1f727</run_address>
         <size>0x5ff</size>
         <input_file_ref idref="fl-ae"/>
      </object_component>
      <object_component id="oc-c4">
         <name>.debug_info</name>
         <load_address>0x1fd26</load_address>
         <run_address>0x1fd26</run_address>
         <size>0xdc3</size>
         <input_file_ref idref="fl-af"/>
      </object_component>
      <object_component id="oc-c8">
         <name>.debug_info</name>
         <load_address>0x20ae9</load_address>
         <run_address>0x20ae9</run_address>
         <size>0x850</size>
         <input_file_ref idref="fl-b0"/>
      </object_component>
      <object_component id="oc-cc">
         <name>.debug_info</name>
         <load_address>0x21339</load_address>
         <run_address>0x21339</run_address>
         <size>0x741</size>
         <input_file_ref idref="fl-b1"/>
      </object_component>
      <object_component id="oc-cf">
         <name>.debug_info</name>
         <load_address>0x21a7a</load_address>
         <run_address>0x21a7a</run_address>
         <size>0x5b3</size>
         <input_file_ref idref="fl-b2"/>
      </object_component>
      <object_component id="oc-d2">
         <name>.debug_info</name>
         <load_address>0x2202d</load_address>
         <run_address>0x2202d</run_address>
         <size>0x768</size>
         <input_file_ref idref="fl-b3"/>
      </object_component>
      <object_component id="oc-d5">
         <name>.debug_info</name>
         <load_address>0x22795</load_address>
         <run_address>0x22795</run_address>
         <size>0x7a0</size>
         <input_file_ref idref="fl-b4"/>
      </object_component>
      <object_component id="oc-d8">
         <name>.debug_info</name>
         <load_address>0x22f35</load_address>
         <run_address>0x22f35</run_address>
         <size>0x7fa</size>
         <input_file_ref idref="fl-b5"/>
      </object_component>
      <object_component id="oc-db">
         <name>.debug_info</name>
         <load_address>0x2372f</load_address>
         <run_address>0x2372f</run_address>
         <size>0x852</size>
         <input_file_ref idref="fl-b6"/>
      </object_component>
      <object_component id="oc-e0">
         <name>.debug_info</name>
         <load_address>0x23f81</load_address>
         <run_address>0x23f81</run_address>
         <size>0x7ed</size>
         <input_file_ref idref="fl-b7"/>
      </object_component>
      <object_component id="oc-e3">
         <name>.debug_info</name>
         <load_address>0x2476e</load_address>
         <run_address>0x2476e</run_address>
         <size>0x64b</size>
         <input_file_ref idref="fl-b8"/>
      </object_component>
      <object_component id="oc-15f">
         <name>.debug_info</name>
         <load_address>0x24db9</load_address>
         <run_address>0x24db9</run_address>
         <size>0x6d</size>
      </object_component>
      <object_component id="oc-13">
         <name>.debug_frame</name>
         <load_address>0x0</load_address>
         <run_address>0x0</run_address>
         <size>0x44b</size>
         <input_file_ref idref="fl-2"/>
      </object_component>
      <object_component id="oc-1b">
         <name>.debug_frame</name>
         <load_address>0x44b</load_address>
         <run_address>0x44b</run_address>
         <size>0x2e2</size>
         <input_file_ref idref="fl-3"/>
      </object_component>
      <object_component id="oc-24">
         <name>.debug_frame</name>
         <load_address>0x72d</load_address>
         <run_address>0x72d</run_address>
         <size>0x2b9</size>
         <input_file_ref idref="fl-8"/>
      </object_component>
      <object_component id="oc-28">
         <name>.debug_frame</name>
         <load_address>0x9e6</load_address>
         <run_address>0x9e6</run_address>
         <size>0x2d0</size>
         <input_file_ref idref="fl-9"/>
      </object_component>
      <object_component id="oc-2c">
         <name>.debug_frame</name>
         <load_address>0xcb6</load_address>
         <run_address>0xcb6</run_address>
         <size>0x29a</size>
         <input_file_ref idref="fl-a"/>
      </object_component>
      <object_component id="oc-31">
         <name>.debug_frame</name>
         <load_address>0xf50</load_address>
         <run_address>0xf50</run_address>
         <size>0x38b</size>
         <input_file_ref idref="fl-b"/>
      </object_component>
      <object_component id="oc-35">
         <name>.debug_frame</name>
         <load_address>0x12db</load_address>
         <run_address>0x12db</run_address>
         <size>0x2da</size>
         <input_file_ref idref="fl-c"/>
      </object_component>
      <object_component id="oc-3a">
         <name>.debug_frame</name>
         <load_address>0x15b5</load_address>
         <run_address>0x15b5</run_address>
         <size>0x29c</size>
         <input_file_ref idref="fl-d"/>
      </object_component>
      <object_component id="oc-14">
         <name>.debug_line</name>
         <load_address>0x0</load_address>
         <run_address>0x0</run_address>
         <size>0x60d</size>
         <input_file_ref idref="fl-2"/>
      </object_component>
      <object_component id="oc-1c">
         <name>.debug_line</name>
         <load_address>0x60d</load_address>
         <run_address>0x60d</run_address>
         <size>0x7f</size>
         <input_file_ref idref="fl-3"/>
      </object_component>
      <object_component id="oc-21">
         <name>.debug_line</name>
         <load_address>0x68c</load_address>
         <run_address>0x68c</run_address>
         <size>0xcd</size>
         <input_file_ref idref="fl-4"/>
      </object_component>
      <object_component id="oc-25">
         <name>.debug_line</name>
         <load_address>0x759</load_address>
         <run_address>0x759</run_address>
         <size>0xd8</size>
         <input_file_ref idref="fl-8"/>
      </object_component>
      <object_component id="oc-29">
         <name>.debug_line</name>
         <load_address>0x831</load_address>
         <run_address>0x831</run_address>
         <size>0x1ba</size>
         <input_file_ref idref="fl-9"/>
      </object_component>
      <object_component id="oc-2d">
         <name>.debug_line</name>
         <load_address>0x9eb</load_address>
         <run_address>0x9eb</run_address>
         <size>0xad</size>
         <input_file_ref idref="fl-a"/>
      </object_component>
      <object_component id="oc-32">
         <name>.debug_line</name>
         <load_address>0xa98</load_address>
         <run_address>0xa98</run_address>
         <size>0x2d8</size>
         <input_file_ref idref="fl-b"/>
      </object_component>
      <object_component id="oc-36">
         <name>.debug_line</name>
         <load_address>0xd70</load_address>
         <run_address>0xd70</run_address>
         <size>0x169</size>
         <input_file_ref idref="fl-c"/>
      </object_component>
      <object_component id="oc-3b">
         <name>.debug_line</name>
         <load_address>0xed9</load_address>
         <run_address>0xed9</run_address>
         <size>0x143</size>
         <input_file_ref idref="fl-d"/>
      </object_component>
      <object_component id="oc-3e">
         <name>.debug_line</name>
         <load_address>0x101c</load_address>
         <run_address>0x101c</run_address>
         <size>0x35</size>
         <input_file_ref idref="fl-86"/>
      </object_component>
      <object_component id="oc-42">
         <name>.debug_line</name>
         <load_address>0x1051</load_address>
         <run_address>0x1051</run_address>
         <size>0x3d</size>
         <input_file_ref idref="fl-87"/>
      </object_component>
      <object_component id="oc-45">
         <name>.debug_line</name>
         <load_address>0x108e</load_address>
         <run_address>0x108e</run_address>
         <size>0x35</size>
         <input_file_ref idref="fl-88"/>
      </object_component>
      <object_component id="oc-48">
         <name>.debug_line</name>
         <load_address>0x10c3</load_address>
         <run_address>0x10c3</run_address>
         <size>0x36</size>
         <input_file_ref idref="fl-89"/>
      </object_component>
      <object_component id="oc-4b">
         <name>.debug_line</name>
         <load_address>0x10f9</load_address>
         <run_address>0x10f9</run_address>
         <size>0x36</size>
         <input_file_ref idref="fl-8a"/>
      </object_component>
      <object_component id="oc-50">
         <name>.debug_line</name>
         <load_address>0x112f</load_address>
         <run_address>0x112f</run_address>
         <size>0x4f</size>
         <input_file_ref idref="fl-8b"/>
      </object_component>
      <object_component id="oc-53">
         <name>.debug_line</name>
         <load_address>0x117e</load_address>
         <run_address>0x117e</run_address>
         <size>0x3d</size>
         <input_file_ref idref="fl-8c"/>
      </object_component>
      <object_component id="oc-56">
         <name>.debug_line</name>
         <load_address>0x11bb</load_address>
         <run_address>0x11bb</run_address>
         <size>0x3d</size>
         <input_file_ref idref="fl-8d"/>
      </object_component>
      <object_component id="oc-59">
         <name>.debug_line</name>
         <load_address>0x11f8</load_address>
         <run_address>0x11f8</run_address>
         <size>0x3d</size>
         <input_file_ref idref="fl-8e"/>
      </object_component>
      <object_component id="oc-5c">
         <name>.debug_line</name>
         <load_address>0x1235</load_address>
         <run_address>0x1235</run_address>
         <size>0x3d</size>
         <input_file_ref idref="fl-8f"/>
      </object_component>
      <object_component id="oc-62">
         <name>.debug_line</name>
         <load_address>0x1272</load_address>
         <run_address>0x1272</run_address>
         <size>0xa7</size>
         <input_file_ref idref="fl-90"/>
      </object_component>
      <object_component id="oc-65">
         <name>.debug_line</name>
         <load_address>0x1319</load_address>
         <run_address>0x1319</run_address>
         <size>0x35</size>
         <input_file_ref idref="fl-91"/>
      </object_component>
      <object_component id="oc-68">
         <name>.debug_line</name>
         <load_address>0x134e</load_address>
         <run_address>0x134e</run_address>
         <size>0x35</size>
         <input_file_ref idref="fl-92"/>
      </object_component>
      <object_component id="oc-6b">
         <name>.debug_line</name>
         <load_address>0x1383</load_address>
         <run_address>0x1383</run_address>
         <size>0x6a</size>
         <input_file_ref idref="fl-93"/>
      </object_component>
      <object_component id="oc-6e">
         <name>.debug_line</name>
         <load_address>0x13ed</load_address>
         <run_address>0x13ed</run_address>
         <size>0x35</size>
         <input_file_ref idref="fl-94"/>
      </object_component>
      <object_component id="oc-73">
         <name>.debug_line</name>
         <load_address>0x1422</load_address>
         <run_address>0x1422</run_address>
         <size>0x35</size>
         <input_file_ref idref="fl-95"/>
      </object_component>
      <object_component id="oc-77">
         <name>.debug_line</name>
         <load_address>0x1457</load_address>
         <run_address>0x1457</run_address>
         <size>0x31a</size>
         <input_file_ref idref="fl-96"/>
      </object_component>
      <object_component id="oc-7a">
         <name>.debug_line</name>
         <load_address>0x1771</load_address>
         <run_address>0x1771</run_address>
         <size>0x3f</size>
         <input_file_ref idref="fl-97"/>
      </object_component>
      <object_component id="oc-7d">
         <name>.debug_line</name>
         <load_address>0x17b0</load_address>
         <run_address>0x17b0</run_address>
         <size>0x45</size>
         <input_file_ref idref="fl-98"/>
      </object_component>
      <object_component id="oc-80">
         <name>.debug_line</name>
         <load_address>0x17f5</load_address>
         <run_address>0x17f5</run_address>
         <size>0x49</size>
         <input_file_ref idref="fl-99"/>
      </object_component>
      <object_component id="oc-83">
         <name>.debug_line</name>
         <load_address>0x183e</load_address>
         <run_address>0x183e</run_address>
         <size>0x45</size>
         <input_file_ref idref="fl-9a"/>
      </object_component>
      <object_component id="oc-86">
         <name>.debug_line</name>
         <load_address>0x1883</load_address>
         <run_address>0x1883</run_address>
         <size>0x44</size>
         <input_file_ref idref="fl-9b"/>
      </object_component>
      <object_component id="oc-8f">
         <name>.debug_line</name>
         <load_address>0x18c7</load_address>
         <run_address>0x18c7</run_address>
         <size>0x3c</size>
         <input_file_ref idref="fl-9e"/>
      </object_component>
      <object_component id="oc-92">
         <name>.debug_line</name>
         <load_address>0x1903</load_address>
         <run_address>0x1903</run_address>
         <size>0x44</size>
         <input_file_ref idref="fl-9f"/>
      </object_component>
      <object_component id="oc-95">
         <name>.debug_line</name>
         <load_address>0x1947</load_address>
         <run_address>0x1947</run_address>
         <size>0x3d</size>
         <input_file_ref idref="fl-a0"/>
      </object_component>
      <object_component id="oc-98">
         <name>.debug_line</name>
         <load_address>0x1984</load_address>
         <run_address>0x1984</run_address>
         <size>0x3d</size>
         <input_file_ref idref="fl-a1"/>
      </object_component>
      <object_component id="oc-9b">
         <name>.debug_line</name>
         <load_address>0x19c1</load_address>
         <run_address>0x19c1</run_address>
         <size>0x3f</size>
         <input_file_ref idref="fl-a2"/>
      </object_component>
      <object_component id="oc-9f">
         <name>.debug_line</name>
         <load_address>0x1a00</load_address>
         <run_address>0x1a00</run_address>
         <size>0x93</size>
         <input_file_ref idref="fl-a3"/>
      </object_component>
      <object_component id="oc-a2">
         <name>.debug_line</name>
         <load_address>0x1a93</load_address>
         <run_address>0x1a93</run_address>
         <size>0x3e</size>
         <input_file_ref idref="fl-a4"/>
      </object_component>
      <object_component id="oc-a5">
         <name>.debug_line</name>
         <load_address>0x1ad1</load_address>
         <run_address>0x1ad1</run_address>
         <size>0x73</size>
         <input_file_ref idref="fl-a5"/>
      </object_component>
      <object_component id="oc-a8">
         <name>.debug_line</name>
         <load_address>0x1b44</load_address>
         <run_address>0x1b44</run_address>
         <size>0x61</size>
         <input_file_ref idref="fl-a6"/>
      </object_component>
      <object_component id="oc-ab">
         <name>.debug_line</name>
         <load_address>0x1ba5</load_address>
         <run_address>0x1ba5</run_address>
         <size>0x38</size>
         <input_file_ref idref="fl-a7"/>
      </object_component>
      <object_component id="oc-ae">
         <name>.debug_line</name>
         <load_address>0x1bdd</load_address>
         <run_address>0x1bdd</run_address>
         <size>0x56</size>
         <input_file_ref idref="fl-a8"/>
      </object_component>
      <object_component id="oc-b3">
         <name>.debug_line</name>
         <load_address>0x1c33</load_address>
         <run_address>0x1c33</run_address>
         <size>0xf5</size>
         <input_file_ref idref="fl-a9"/>
      </object_component>
      <object_component id="oc-b6">
         <name>.debug_line</name>
         <load_address>0x1d28</load_address>
         <run_address>0x1d28</run_address>
         <size>0x40</size>
         <input_file_ref idref="fl-aa"/>
      </object_component>
      <object_component id="oc-b9">
         <name>.debug_line</name>
         <load_address>0x1d68</load_address>
         <run_address>0x1d68</run_address>
         <size>0x3f</size>
         <input_file_ref idref="fl-ab"/>
      </object_component>
      <object_component id="oc-bc">
         <name>.debug_line</name>
         <load_address>0x1da7</load_address>
         <run_address>0x1da7</run_address>
         <size>0x4a</size>
         <input_file_ref idref="fl-ac"/>
      </object_component>
      <object_component id="oc-bf">
         <name>.debug_line</name>
         <load_address>0x1df1</load_address>
         <run_address>0x1df1</run_address>
         <size>0x46</size>
         <input_file_ref idref="fl-ad"/>
      </object_component>
      <object_component id="oc-c2">
         <name>.debug_line</name>
         <load_address>0x1e37</load_address>
         <run_address>0x1e37</run_address>
         <size>0x39</size>
         <input_file_ref idref="fl-ae"/>
      </object_component>
      <object_component id="oc-c6">
         <name>.debug_line</name>
         <load_address>0x1e70</load_address>
         <run_address>0x1e70</run_address>
         <size>0x126</size>
         <input_file_ref idref="fl-af"/>
      </object_component>
      <object_component id="oc-ca">
         <name>.debug_line</name>
         <load_address>0x1f96</load_address>
         <run_address>0x1f96</run_address>
         <size>0x66</size>
         <input_file_ref idref="fl-b0"/>
      </object_component>
      <object_component id="oc-cd">
         <name>.debug_line</name>
         <load_address>0x1ffc</load_address>
         <run_address>0x1ffc</run_address>
         <size>0x40</size>
         <input_file_ref idref="fl-b1"/>
      </object_component>
      <object_component id="oc-d0">
         <name>.debug_line</name>
         <load_address>0x203c</load_address>
         <run_address>0x203c</run_address>
         <size>0x23</size>
         <input_file_ref idref="fl-b2"/>
      </object_component>
      <object_component id="oc-d3">
         <name>.debug_line</name>
         <load_address>0x205f</load_address>
         <run_address>0x205f</run_address>
         <size>0x3e</size>
         <input_file_ref idref="fl-b3"/>
      </object_component>
      <object_component id="oc-d6">
         <name>.debug_line</name>
         <load_address>0x209d</load_address>
         <run_address>0x209d</run_address>
         <size>0x3c</size>
         <input_file_ref idref="fl-b4"/>
      </object_component>
      <object_component id="oc-d9">
         <name>.debug_line</name>
         <load_address>0x20d9</load_address>
         <run_address>0x20d9</run_address>
         <size>0x40</size>
         <input_file_ref idref="fl-b5"/>
      </object_component>
      <object_component id="oc-de">
         <name>.debug_line</name>
         <load_address>0x2119</load_address>
         <run_address>0x2119</run_address>
         <size>0x42</size>
         <input_file_ref idref="fl-b6"/>
      </object_component>
      <object_component id="oc-e1">
         <name>.debug_line</name>
         <load_address>0x215b</load_address>
         <run_address>0x215b</run_address>
         <size>0x3e</size>
         <input_file_ref idref="fl-b7"/>
      </object_component>
      <object_component id="oc-e4">
         <name>.debug_line</name>
         <load_address>0x2199</load_address>
         <run_address>0x2199</run_address>
         <size>0x39</size>
         <input_file_ref idref="fl-b8"/>
      </object_component>
      <object_component id="oc-15">
         <name>.debug_abbrev</name>
         <load_address>0x0</load_address>
         <run_address>0x0</run_address>
         <size>0x230</size>
         <input_file_ref idref="fl-2"/>
      </object_component>
      <object_component id="oc-1d">
         <name>.debug_abbrev</name>
         <load_address>0x230</load_address>
         <run_address>0x230</run_address>
         <size>0x127</size>
         <input_file_ref idref="fl-3"/>
      </object_component>
      <object_component id="oc-22">
         <name>.debug_abbrev</name>
         <load_address>0x357</load_address>
         <run_address>0x357</run_address>
         <size>0x20</size>
         <input_file_ref idref="fl-4"/>
      </object_component>
      <object_component id="oc-26">
         <name>.debug_abbrev</name>
         <load_address>0x377</load_address>
         <run_address>0x377</run_address>
         <size>0x104</size>
         <input_file_ref idref="fl-8"/>
      </object_component>
      <object_component id="oc-2a">
[...]
      </symbol>
      <symbol id="sm-1b7">
         <name>_vector10</name>
         <value>0x1181b940</value>
         <object_component_ref idref="oc-1f"/>
      </symbol>
      <symbol id="sm-1b8">
         <name>_vector11</name>
         <value>0x1181b960</value>
         <object_component_ref idref="oc-1f"/>
      </symbol>
      <symbol id="sm-1b9">
         <name>_vector12</name>
         <value>0x1181b980</value>
         <object_component_ref idref="oc-1f"/>
      </symbol>
      <symbol id="sm-1ba">
         <name>_vector13</name>
         <value>0x1181b9a0</value>
         <object_component_ref idref="oc-1f"/>
      </symbol>
      <symbol id="sm-1bb">
         <name>_vector14</name>
         <value>0x1181b9c0</value>
         <object_component_ref idref="oc-1f"/>
      </symbol>
      <symbol id="sm-1bc">
         <name>_vector15</name>
         <value>0x1181b9e0</value>
         <object_component_ref idref="oc-1f"/>
      </symbol>
      <symbol id="sm-1bd">
         <name>_vectors</name>
         <value>0x1181b800</value>
         <object_component_ref idref="oc-1f"/>
      </symbol>
      <symbol id="sm-1be">
         <name>_vector1</name>
         <value>0x1181b820</value>
         <object_component_ref idref="oc-1f"/>
      </symbol>
      <symbol id="sm-1bf">
         <name>_vector3</name>
         <value>0x1181b860</value>
         <object_component_ref idref="oc-1f"/>
      </symbol>
      <symbol id="sm-1c0">
         <name>_vector2</name>
         <value>0x1181b840</value>
         <object_component_ref idref="oc-1f"/>
      </symbol>
      <symbol id="sm-1c1">
         <name>_vector5</name>
         <value>0x1181b8a0</value>
         <object_component_ref idref="oc-1f"/>
      </symbol>
      <symbol id="sm-1c2">
         <name>_vector7</name>
         <value>0x1181b8e0</value>
         <object_component_ref idref="oc-1f"/>
      </symbol>
      <symbol id="sm-1c3">
         <name>_vector6</name>
         <value>0x1181b8c0</value>
         <object_component_ref idref="oc-1f"/>
      </symbol>
      <symbol id="sm-1c4">
         <name>_vector9</name>
         <value>0x1181b920</value>
         <object_component_ref idref="oc-1f"/>
      </symbol>
      <symbol id="sm-1c5">
         <name>_vector8</name>
         <value>0x1181b900</value>
         <object_component_ref idref="oc-1f"/>
      </symbol>
      <symbol id="sm-1d4">
         <name>_USTIMER_get</name>
         <value>0x11817904</value>
         <object_component_ref idref="oc-105"/>
      </symbol>
      <symbol id="sm-1d5">
         <name>_USTIMER_delay</name>
         <value>0x11817844</value>
         <object_component_ref idref="oc-105"/>
      </symbol>
      <symbol id="sm-1d6">
         <name>_USTIMER_set</name>
         <value>0x11817918</value>
         <object_component_ref idref="oc-105"/>
      </symbol>
      <symbol id="sm-1d7">
         <name>_USTIMER_init</name>
         <value>0x11817760</value>
         <object_component_ref idref="oc-105"/>
      </symbol>
      <symbol id="sm-1d8">
         <name>_USTIMER_reset</name>
         <value>0x118178d4</value>
         <object_component_ref idref="oc-105"/>
      </symbol>
      <symbol id="sm-212">
         <name>_GPIO_getInput</name>
         <value>0x118153f8</value>
         <object_component_ref idref="oc-103"/>
      </symbol>
      <symbol id="sm-213">
         <name>_GPIO_setDir</name>
         <value>0x11815380</value>
         <object_component_ref idref="oc-103"/>
      </symbol>
      <symbol id="sm-214">
         <name>_GPIO_toggleLoop</name>
         <value>0x118154ec</value>
         <object_component_ref idref="oc-103"/>
      </symbol>
      <symbol id="sm-215">
         <name>_GPIO_setOutput</name>
         <value>0x1181546c</value>
         <object_component_ref idref="oc-103"/>
      </symbol>
      <symbol id="sm-241">
         <name>_AIC3106_writeRegister</name>
         <value>0x11817df0</value>
         <object_component_ref idref="oc-102"/>
      </symbol>
      <symbol id="sm-242">
         <name>_AIC3106_init</name>
         <value>0x11817ca0</value>
         <object_component_ref idref="oc-102"/>
      </symbol>
      <symbol id="sm-243">
         <name>_AIC3106_readRegister</name>
         <value>0x11817d98</value>
         <object_component_ref idref="oc-102"/>
      </symbol>
      <symbol id="sm-2e0">
         <name>_config_pll1</name>
         <value>0x11812c24</value>
         <object_component_ref idref="oc-106"/>
      </symbol>
      <symbol id="sm-2e1">
         <name>_config_pll0</name>
         <value>0x118129e8</value>
         <object_component_ref idref="oc-106"/>
      </symbol>
      <symbol id="sm-2e2">
         <name>_UTIL_isUIBoardAttached</name>
         <value>0x11812f60</value>
         <object_component_ref idref="oc-106"/>
      </symbol>
      <symbol id="sm-2e3">
         <name>_EVMOMAPL138_initRAM</name>
         <value>0x1181238c</value>
         <object_component_ref idref="oc-106"/>
      </symbol>
      <symbol id="sm-2e4">
         <name>_EVMOMAPL138_lpscTransition</name>
         <value>0x11812610</value>
         <object_component_ref idref="oc-106"/>
      </symbol>
      <symbol id="sm-2e5">
         <name>_EVMOMAPL138_enableDsp</name>
         <value>0x11812548</value>
         <object_component_ref idref="oc-106"/>
      </symbol>
      <symbol id="sm-2e6">
         <name>_EVMOMAPL138_init</name>
         <value>0x11812360</value>
         <object_component_ref idref="oc-106"/>
      </symbol>
      <symbol id="sm-2e7">
         <name>_UTIL_printMem</name>
         <value>0x11812e08</value>
         <object_component_ref idref="oc-106"/>
      </symbol>
      <symbol id="sm-2e8">
         <name>_EVMOMAPL138_pinmuxConfig</name>
         <value>0x11812574</value>
         <object_component_ref idref="oc-106"/>
      </symbol>
      <symbol id="sm-2e9">
         <name>_bitval_u32</name>
         <value>0x1181b650</value>
         <object_component_ref idref="oc-10b"/>
      </symbol>
      <symbol id="sm-317">
         <name>_I2CGPIO_getInput</name>
         <value>0x11814794</value>
         <object_component_ref idref="oc-10f"/>
      </symbol>
      <symbol id="sm-318">
         <name>_I2CGPIO_setOutputAll</name>
         <value>0x11814b08</value>
         <object_component_ref idref="oc-10f"/>
      </symbol>
      <symbol id="sm-319">
         <name>_I2CGPIO_setOutput</name>
         <value>0x118149c0</value>
         <object_component_ref idref="oc-10f"/>
      </symbol>
      <symbol id="sm-31a">
         <name>_I2CGPIO_getInputAll</name>
         <value>0x118148b0</value>
         <object_component_ref idref="oc-10f"/>
      </symbol>
      <symbol id="sm-31b">
         <name>_I2CGPIO_init</name>
         <value>0x118146c0</value>
         <object_component_ref idref="oc-10f"/>
      </symbol>
      <symbol id="sm-364">
         <name>_I2C_read</name>
         <value>0x118157ec</value>
         <object_component_ref idref="oc-109"/>
      </symbol>
      <symbol id="sm-365">
         <name>_I2C_write</name>
         <value>0x11815948</value>
         <object_component_ref idref="oc-109"/>
      </symbol>
      <symbol id="sm-366">
         <name>_I2C_init</name>
         <value>0x11815700</value>
         <object_component_ref idref="oc-109"/>
      </symbol>
      <symbol id="sm-370">
         <name>__addd</name>
         <value>0x1181a4a0</value>
         <object_component_ref idref="oc-f1"/>
      </symbol>
      <symbol id="sm-37f">
         <name>_c_int00</name>
         <value>0x11819f20</value>
         <object_component_ref idref="oc-e"/>
      </symbol>
      <symbol id="sm-380">
         <name>__stack</name>
         <value>0x1181a660</value>
         <object_component_ref idref="oc-41"/>
      </symbol>
      <symbol id="sm-38a">
         <name>__cmpf</name>
         <value>0x1181a4c0</value>
         <object_component_ref idref="oc-ea"/>
      </symbol>
      <symbol id="sm-394">
         <name>__cvtdf</name>
         <value>0x1181a4e0</value>
         <object_component_ref idref="oc-ef"/>
      </symbol>
      <symbol id="sm-39e">
         <name>__cvtfd</name>
         <value>0x1181a500</value>
         <object_component_ref idref="oc-ec"/>
      </symbol>
      <symbol id="sm-3b5">
         <name>C$$EXIT</name>
         <value>0x1181a600</value>
         <object_component_ref idref="oc-101"/>
      </symbol>
      <symbol id="sm-3b6">
         <name>_exit</name>
         <value>0x118192e0</value>
         <object_component_ref idref="oc-e8"/>
      </symbol>
      <symbol id="sm-3b7">
         <name>___TI_enable_exit_profile_output</name>
         <value>0x1181b2f8</value>
         <object_component_ref idref="oc-4f"/>
      </symbol>
      <symbol id="sm-3b8">
         <name>_abort</name>
         <value>0x1181a600</value>
         <object_component_ref idref="oc-101"/>
      </symbol>
      <symbol id="sm-3b9">
         <name>__cleanup_ptr</name>
         <value>0x1181b2f0</value>
         <object_component_ref idref="oc-4f"/>
      </symbol>
      <symbol id="sm-3ba">
         <name>__dtors_ptr</name>
         <value>0x1181b2f4</value>
         <object_component_ref idref="oc-4f"/>
      </symbol>
      <symbol id="sm-3c7">
         <name>__fixdi</name>
         <value>0x11819d20</value>
         <object_component_ref idref="oc-f2"/>
      </symbol>
      <symbol id="sm-3d4">
         <name>__fixfi</name>
         <value>0x11819da0</value>
         <object_component_ref idref="oc-f4"/>
      </symbol>
      <symbol id="sm-3df">
         <name>__fltid</name>
         <value>0x1181a100</value>
         <object_component_ref idref="oc-eb"/>
      </symbol>
      <symbol id="sm-3ea">
         <name>__fltif</name>
         <value>0x1181a160</value>
         <object_component_ref idref="oc-f3"/>
      </symbol>
      <symbol id="sm-423">
         <name>__sys_memory</name>
         <value>0x11800000</value>
         <object_component_ref idref="oc-61"/>
      </symbol>
      <symbol id="sm-424">
         <name>_free</name>
         <value>0x118165a0</value>
         <object_component_ref idref="oc-12d"/>
      </symbol>
      <symbol id="sm-425">
         <name>_malloc</name>
         <value>0x11817fc0</value>
         <object_component_ref idref="oc-104"/>
      </symbol>
      <symbol id="sm-42f">
         <name>__mpyd</name>
         <value>0x1181a520</value>
         <object_component_ref idref="oc-ed"/>
      </symbol>
      <symbol id="sm-439">
         <name>__mpyf</name>
         <value>0x1181a540</value>
         <object_component_ref idref="oc-f0"/>
      </symbol>
      <symbol id="sm-44e">
         <name>_printf</name>
         <value>0x11818d80</value>
         <object_component_ref idref="oc-10e"/>
      </symbol>
      <symbol id="sm-458">
         <name>__subd</name>
         <value>0x1181a5e0</value>
         <object_component_ref idref="oc-ee"/>
      </symbol>
      <symbol id="sm-466">
         <name>__unlock</name>
         <value>0x1181b308</value>
         <object_component_ref idref="oc-72"/>
      </symbol>
      <symbol id="sm-467">
         <name>__lock</name>
         <value>0x1181b304</value>
         <object_component_ref idref="oc-72"/>
      </symbol>
      <symbol id="sm-468">
         <name>__nop</name>
         <value>0x1181a580</value>
         <object_component_ref idref="oc-f5"/>
      </symbol>
      <symbol id="sm-571">
         <name>__printfi</name>
         <value>0x11814ba0</value>
         <object_component_ref idref="oc-111"/>
      </symbol>
      <symbol id="sm-57b">
         <name>__args_main</name>
         <value>0x1181a360</value>
         <object_component_ref idref="oc-e7"/>
      </symbol>
      <symbol id="sm-57c">
         <name>__TI_args_main</name>
         <value>0x1</value>
      </symbol>
      <symbol id="sm-58a">
         <name>_atoi</name>
         <value>0x11818ae0</value>
         <object_component_ref idref="oc-11d"/>
      </symbol>
      <symbol id="sm-599">
         <name>__auto_init</name>
         <value>0x11818fe0</value>
         <object_component_ref idref="oc-e6"/>
      </symbol>
      <symbol id="sm-5a6">
         <name>___TI_cpp_init</name>
         <value>0x1181a0a0</value>
         <object_component_ref idref="oc-ff"/>
      </symbol>
      <symbol id="sm-5b4">
         <name>_copy_in</name>
         <value>0x118198c0</value>
         <object_component_ref idref="oc-fd"/>
      </symbol>
      <symbol id="sm-5bc">
         <name>__ctypes_</name>
         <value>0x1181b548</value>
         <object_component_ref idref="oc-123"/>
      </symbol>
      <symbol id="sm-5c6">
         <name>__tmpnams</name>
         <value>0x1181b040</value>
         <object_component_ref idref="oc-8c"/>
      </symbol>
      <symbol id="sm-5c7">
         <name>__ft_end</name>
         <value>0x1181b180</value>
         <object_component_ref idref="oc-8c"/>
      </symbol>
      <symbol id="sm-5c8">
         <name>__ftable</name>
         <value>0x1181ae60</value>
         <object_component_ref idref="oc-8c"/>
      </symbol>
      <symbol id="sm-5da">
         <name>__divd</name>
         <value>0x11813680</value>
         <object_component_ref idref="oc-134"/>
      </symbol>
      <symbol id="sm-5e3">
         <name>__c6xabi_divu</name>
         <value>0x11819160</value>
         <object_component_ref idref="oc-13c"/>
      </symbol>
      <symbol id="sm-5e4">
         <name>__divu</name>
         <value>0x11819160</value>
         <object_component_ref idref="oc-13c"/>
      </symbol>
      <symbol id="sm-5f1">
         <name>__fixdli</name>
         <value>0x11819780</value>
         <object_component_ref idref="oc-137"/>
      </symbol>
      <symbol id="sm-5fc">
         <name>__fltlid</name>
         <value>0x11819e20</value>
         <object_component_ref idref="oc-139"/>
      </symbol>
      <symbol id="sm-617">
         <name>_putc</name>
         <value>0x11817140</value>
         <object_component_ref idref="oc-118"/>
      </symbol>
      <symbol id="sm-618">
         <name>_fputc</name>
         <value>0x11817140</value>
         <object_component_ref idref="oc-118"/>
      </symbol>
      <symbol id="sm-63a">
         <name>_fputs</name>
         <value>0x11814fe0</value>
         <object_component_ref idref="oc-113"/>
      </symbol>
      <symbol id="sm-644">
         <name>__frcmpyd_div</name>
         <value>0x1181a3a0</value>
         <object_component_ref idref="oc-13b"/>
      </symbol>
      <symbol id="sm-654">
         <name>__divul</name>
         <value>0x11817b00</value>
         <object_component_ref idref="oc-13d"/>
      </symbol>
      <symbol id="sm-655">
         <name>__remli</name>
         <value>0x1181a420</value>
         <object_component_ref idref="oc-141"/>
      </symbol>
      <symbol id="sm-656">
         <name>__divli</name>
         <value>0x118195a0</value>
         <object_component_ref idref="oc-142"/>
      </symbol>
      <symbol id="sm-66a">
         <name>__subcull</name>
         <value>0x1181a1c0</value>
         <object_component_ref idref="oc-144"/>
      </symbol>
      <symbol id="sm-66b">
         <name>__divull</name>
         <value>0x11816820</value>
         <object_component_ref idref="oc-13e"/>
      </symbol>
      <symbol id="sm-675">
         <name>___isinf</name>
         <value>0x1181a2e0</value>
         <object_component_ref idref="oc-125"/>
      </symbol>
      <symbol id="sm-683">
         <name>__llshl</name>
         <value>0x11819ea0</value>
         <object_component_ref idref="oc-143"/>
      </symbol>
      <symbol id="sm-684">
         <name>__llshru</name>
         <value>0x1181a3e0</value>
         <object_component_ref idref="oc-13a"/>
      </symbol>
      <symbol id="sm-6c1">
         <name>_unlink</name>
         <value>0x1181a020</value>
         <object_component_ref idref="oc-145"/>
      </symbol>
      <symbol id="sm-6c2">
         <name>_lseek</name>
         <value>0x11819a00</value>
         <object_component_ref idref="oc-12c"/>
      </symbol>
      <symbol id="sm-6c3">
         <name>_close</name>
         <value>0x11818bc0</value>
         <object_component_ref idref="oc-13f"/>
      </symbol>
      <symbol id="sm-6c4">
         <name>_write</name>
         <value>0x11819c80</value>
         <object_component_ref idref="oc-11b"/>
      </symbol>
      <symbol id="sm-6d1">
         <name>_ltoa</name>
         <value>0x118193a0</value>
         <object_component_ref idref="oc-138"/>
      </symbol>
      <symbol id="sm-6de">
         <name>_memccpy</name>
         <value>0x1181a220</value>
         <object_component_ref idref="oc-120"/>
      </symbol>
      <symbol id="sm-6e6">
         <name>_memcpy</name>
         <value>0x11819aa0</value>
         <object_component_ref idref="oc-fe"/>
      </symbol>
      <symbol id="sm-6f1">
         <name>_memset</name>
         <value>0x11818ca0</value>
         <object_component_ref idref="oc-11c"/>
      </symbol>
      <symbol id="sm-6fb">
         <name>__negll</name>
         <value>0x1181a560</value>
         <object_component_ref idref="oc-12a"/>
      </symbol>
      <symbol id="sm-724">
         <name>_HOSTopen</name>
         <value>0x11818920</value>
         <object_component_ref idref="oc-f6"/>
      </symbol>
      <symbol id="sm-725">
         <name>_HOSTread</name>
         <value>0x11818a00</value>
         <object_component_ref idref="oc-f8"/>
      </symbol>
      <symbol id="sm-726">
         <name>_HOSTrename</name>
         <value>0x11817e40</value>
         <object_component_ref idref="oc-fc"/>
      </symbol>
      <symbol id="sm-727">
         <name>_HOSTwrite</name>
         <value>0x11818f20</value>
         <object_component_ref idref="oc-f9"/>
      </symbol>
      <symbol id="sm-728">
         <name>_HOSTlseek</name>
         <value>0x11818720</value>
         <object_component_ref idref="oc-fa"/>
      </symbol>
      <symbol id="sm-729">
         <name>_HOSTunlink</name>
         <value>0x11818e60</value>
         <object_component_ref idref="oc-fb"/>
      </symbol>
      <symbol id="sm-72a">
         <name>_HOSTclose</name>
         <value>0x11819460</value>
         <object_component_ref idref="oc-f7"/>
      </symbol>
      <symbol id="sm-73a">
         <name>C$$IO$$</name>
         <value>0x1181a2d8</value>
         <object_component_ref idref="oc-107"/>
      </symbol>
      <symbol id="sm-73b">
         <name>__CIOBUF_</name>
         <value>0x1181ba00</value>
         <object_component_ref idref="oc-c9"/>
      </symbol>
      <symbol id="sm-73c">
         <name>_readmsg</name>
         <value>0x11819fa0</value>
         <object_component_ref idref="oc-108"/>
      </symbol>
      <symbol id="sm-73d">
         <name>_writemsg</name>
         <value>0x1181a280</value>
         <object_component_ref idref="oc-107"/>
      </symbol>
      <symbol id="sm-74c">
         <name>__wrt_ok</name>
         <value>0x11818820</value>
         <object_component_ref idref="oc-119"/>
      </symbol>
      <symbol id="sm-760">
         <name>__doflush</name>
         <value>0x11819220</value>
         <object_component_ref idref="oc-11a"/>
      </symbol>
      <symbol id="sm-771">
         <name>_fseek</name>
         <value>0x11818600</value>
         <object_component_ref idref="oc-121"/>
      </symbol>
      <symbol id="sm-788">
         <name>_setvbuf</name>
         <value>0x11817560</value>
         <object_component_ref idref="oc-122"/>
      </symbol>
      <symbol id="sm-79b">
         <name>__cleanup</name>
         <value>0x11819500</value>
         <object_component_ref idref="oc-12e"/>
      </symbol>
      <symbol id="sm-7ad">
         <name>__closefile</name>
         <value>0x118183c0</value>
         <object_component_ref idref="oc-136"/>
      </symbol>
      <symbol id="sm-7b7">
         <name>_remove</name>
         <value>0x1181a620</value>
         <object_component_ref idref="oc-140"/>
      </symbol>
   </symbol_table>
</link_info>
